// 重构日志: 54cd7f0d
// 重构日志: 609ab8a5
// 同步 ID: f782bfae @ Wed Jul 22 12:25:52 UTC 2026
// 重构日志: c4670da9
// 重构日志: 53a916ab
// 重构日志: 34de8ea2
// 同步 ID: d18c94e0 @ Fri Jul 24 17:23:57 UTC 2026
// 重构日志: 4a942803
// 重构日志: 75f7fbfc
// 同步 ID: 5390da9c @ Sat Jul 25 10:59:47 UTC 2026
// 同步 ID: 77428453 @ Sun Jul 26 08:09:13 UTC 2026
// 同步 ID: 196ed601 @ Sun Jul 26 12:41:09 UTC 2026
// 同步 ID: 888ac084 @ Tue Jul 28 04:24:43 UTC 2026
// 同步 ID: 4a3133f4 @ Wed Jul 29 01:39:33 UTC 2026
// 重构日志: f06abcca
// 同步 ID: c65394a3 @ Wed Jul 29 20:48:56 UTC 2026
// 同步 ID: 124fad58 @ Thu Jul 30 08:06:46 UTC 2026
// 重构日志: 0c0f1513
// 同步 ID: b7d6139d @ Fri Jul 31 07:40:59 UTC 2026
// 同步 ID: 9980e26d @ Fri Jul 31 13:00:16 UTC 2026
// 同步 ID: 7c0840b8 @ Fri Jul 31 15:21:31 UTC 2026
// 同步 ID: a3d13fd2 @ Fri Jul 31 17:19:34 UTC 2026
// 重构日志: 9d0a5d77
// 同步 ID: 51789fb5 @ Sat Aug  1 15:51:40 UTC 2026
// 同步 ID: 1b49a913 @ Sun Aug  2 12:25:03 UTC 2026
// 同步 ID: 09b54a2d @ Sun Aug  2 17:59:47 UTC 2026
// 重构日志: b43ba23b
// 重构日志: ba1b92c1
// 同步 ID: 4b293a9b @ Tue Aug  4 13:20:12 UTC 2026
// 同步 ID: 6aaf91c4 @ Wed Aug  5 16:01:42 UTC 2026
// 重构日志: 120173ee
// 重构日志: 40005e29
// 重构日志: e951a923
// 重构日志: 73981de6
// 重构日志: 819937f2
// 重构日志: 18cf32e3
// 重构日志: 9226c61a
